[2026-07-22 05:19:18] [INFO] [AGS] Initializing Agent Governance System...
[2026-07-22 05:19:18] [INFO] [AGS] 10 agents registered, 0 conflicts
[2026-07-22 05:19:18] [INFO] [LER] All layers initialized successfully
[2026-07-22 05:19:18] [INFO] [LER] Base directory: C:\Users\Playtec-bancada\.local\share\opencode\worktree\699a669f2471f9aad160ee2785dc9a1ba96b1245\mighty-meadow\LoopEngineeringAgent
[2026-07-22 05:19:18] [INFO] ============================================================
[2026-07-22 05:19:18] [INFO] LER v1.2 - MISSION RUNTIME STARTED
[2026-07-22 05:19:18] [INFO] Mission ID: 20260722_051918
[2026-07-22 05:19:18] [INFO] ============================================================
[2026-07-22 05:19:18] [INFO] Goal set: Validar funcionamento basico do LER v1.2...
[2026-07-22 05:19:18] [INFO] [AGS] Initializing Agent Governance System...
[2026-07-22 05:19:18] [INFO] [AGS] 10 agents registered, 0 conflicts
[2026-07-22 05:19:18] [INFO] [ARE] Validating current architecture...
[2026-07-22 05:19:19] [INFO] [ARE] Architecture validation PASSED
[2026-07-22 05:19:20] [INFO] 
--- Mission Iteration 1 ---
[2026-07-22 05:19:20] [INFO] 
--- LER Iteration 1 ---
[2026-07-22 05:19:20] [INFO] State: INIT
[2026-07-22 05:19:20] [INFO] Phase: ANALYZING GOAL
[2026-07-22 05:19:20] [INFO] Analyzing goal: # Goal

Validar funcionamento basico do LER v1.2

---
Set: 2026-07-22T05:19:18.4...
[2026-07-22 05:19:20] [INFO] 
--- Mission Iteration 2 ---
[2026-07-22 05:19:20] [INFO] 
--- LER Iteration 2 ---
[2026-07-22 05:19:20] [INFO] State: CREATING_STRATEGY
[2026-07-22 05:19:20] [INFO] Phase: CREATING STRATEGY
[2026-07-22 05:19:20] [INFO] Generating execution strategies...
[2026-07-22 05:19:20] [INFO] Assessing risks...
[2026-07-22 05:19:20] [INFO] 
--- Mission Iteration 3 ---
[2026-07-22 05:19:20] [INFO] 
--- LER Iteration 3 ---
[2026-07-22 05:19:20] [INFO] State: PLANNING
[2026-07-22 05:19:20] [INFO] Phase: PLANNING
[2026-07-22 05:19:20] [INFO] Creating plan from goal...
[2026-07-22 05:19:20] [INFO] Plan updated
[2026-07-22 05:19:20] [INFO] Plan created with 5 steps
[2026-07-22 05:19:20] [INFO] 
--- Mission Iteration 4 ---
[2026-07-22 05:19:20] [INFO] 
--- LER Iteration 4 ---
[2026-07-22 05:19:20] [INFO] State: EXECUTING
[2026-07-22 05:19:20] [INFO] Phase: EXECUTING
[2026-07-22 05:19:20] [INFO] Executing step 1: analyze_environment - Analyze environment for: general
[2026-07-22 05:19:20] [INFO] Executing step 1: analyze_environment
[2026-07-22 05:19:27] [INFO] Step 1 completed (6.4s)
[2026-07-22 05:19:27] [INFO] 
--- Mission Iteration 5 ---
[2026-07-22 05:19:27] [INFO] 
--- LER Iteration 5 ---
[2026-07-22 05:19:27] [INFO] State: VALIDATING
[2026-07-22 05:19:27] [INFO] Phase: VALIDATING
[2026-07-22 05:19:27] [INFO] Validating step 1: check_env
[2026-07-22 05:19:30] [INFO] Validation: passed
[2026-07-22 05:19:30] [INFO] Step 1 PASSED validation
[2026-07-22 05:19:31] [INFO] 
--- Mission Iteration 6 ---
[2026-07-22 05:19:31] [INFO] 
--- LER Iteration 6 ---
[2026-07-22 05:19:31] [INFO] State: EXECUTING
[2026-07-22 05:19:31] [INFO] Phase: EXECUTING
[2026-07-22 05:19:31] [INFO] Executing step 2: initialize_project - Initialize project structure for: # Goal

Validar funcionamento basico do LER v1.2

---
Set: 2
[2026-07-22 05:19:31] [INFO] Executing step 2: initialize_project
[2026-07-22 05:19:31] [INFO] Step 2 completed (0.0s)
[2026-07-22 05:19:31] [INFO] 
--- Mission Iteration 7 ---
[2026-07-22 05:19:31] [INFO] 
--- LER Iteration 7 ---
[2026-07-22 05:19:31] [INFO] State: VALIDATING
[2026-07-22 05:19:31] [INFO] Phase: VALIDATING
[2026-07-22 05:19:31] [INFO] Validating step 2: check_structure
[2026-07-22 05:19:31] [INFO] Validation: passed
[2026-07-22 05:19:31] [INFO] Step 2 PASSED validation
[2026-07-22 05:19:31] [INFO] 
--- Mission Iteration 8 ---
[2026-07-22 05:19:31] [INFO] 
--- LER Iteration 8 ---
[2026-07-22 05:19:31] [INFO] State: EXECUTING
[2026-07-22 05:19:31] [INFO] Phase: EXECUTING
[2026-07-22 05:19:31] [INFO] Executing step 3: implement - Implement: # Goal

Validar funcionamento basico do LER v1.2

---
Set: 2
[2026-07-22 05:19:31] [INFO] Executing step 3: implement
[2026-07-22 05:19:31] [INFO] Step 3 completed (0.0s)
[2026-07-22 05:19:31] [INFO] 
--- Mission Iteration 9 ---
[2026-07-22 05:19:31] [INFO] 
--- LER Iteration 9 ---
[2026-07-22 05:19:31] [INFO] State: VALIDATING
[2026-07-22 05:19:31] [INFO] Phase: VALIDATING
[2026-07-22 05:19:31] [INFO] Validating step 3: check_output
[2026-07-22 05:19:31] [INFO] Validation: passed
[2026-07-22 05:19:31] [INFO] Step 3 PASSED validation
[2026-07-22 05:19:31] [INFO] 
--- Mission Iteration 10 ---
[2026-07-22 05:19:31] [INFO] 
--- LER Iteration 10 ---
[2026-07-22 05:19:31] [INFO] State: EXECUTING
[2026-07-22 05:19:31] [INFO] Phase: EXECUTING
[2026-07-22 05:19:31] [INFO] Executing step 4: run_tests - Run tests to validate implementation
[2026-07-22 05:19:31] [INFO] Executing step 4: run_tests
[2026-07-22 05:19:59] [INFO] Step 4 completed (27.9s)
[2026-07-22 05:19:59] [INFO] 
--- Mission Iteration 11 ---
[2026-07-22 05:19:59] [INFO] 
--- LER Iteration 11 ---
[2026-07-22 05:19:59] [INFO] State: VALIDATING
[2026-07-22 05:19:59] [INFO] Phase: VALIDATING
[2026-07-22 05:19:59] [INFO] Validating step 4: test_pass
[2026-07-22 05:19:59] [INFO] Validation: passed
[2026-07-22 05:19:59] [INFO] Step 4 PASSED validation
[2026-07-22 05:20:00] [INFO] 
--- Mission Iteration 12 ---
[2026-07-22 05:20:00] [INFO] 
--- LER Iteration 12 ---
[2026-07-22 05:20:00] [INFO] State: EXECUTING
[2026-07-22 05:20:00] [INFO] Phase: EXECUTING
[2026-07-22 05:20:00] [INFO] Executing step 5: git_commit - Commit changes to git
[2026-07-22 05:20:00] [INFO] Executing step 5: git_commit
[2026-07-22 05:20:01] [INFO] Step 5 completed (1.7s)
[2026-07-22 05:20:01] [INFO] 
--- Mission Iteration 13 ---
[2026-07-22 05:20:01] [INFO] 
--- LER Iteration 13 ---
[2026-07-22 05:20:01] [INFO] State: VALIDATING
[2026-07-22 05:20:01] [INFO] Phase: VALIDATING
[2026-07-22 05:20:01] [INFO] Validating step 5: check_git
[2026-07-22 05:20:04] [INFO] Validation: passed
[2026-07-22 05:20:04] [INFO] Step 5 PASSED validation
[2026-07-22 05:20:04] [INFO] 
--- Mission Iteration 14 ---
[2026-07-22 05:20:04] [INFO] 
--- LER Iteration 14 ---
[2026-07-22 05:20:04] [INFO] State: SUCCESS_EVALUATING
[2026-07-22 05:20:04] [INFO] Phase: SUCCESS EVALUATION
[2026-07-22 05:20:04] [INFO] Evaluating overall success...
[2026-07-22 05:20:04] [INFO] Success score: 100.0% (threshold: 95%)
[2026-07-22 05:20:04] [INFO] 
--- Mission Iteration 15 ---
[2026-07-22 05:20:04] [INFO] 
--- LER Iteration 15 ---
[2026-07-22 05:20:04] [INFO] State: FINAL_AUDITING
[2026-07-22 05:20:04] [INFO] Phase: FINAL AUDIT
[2026-07-22 05:20:04] [INFO] Running final audit...
[2026-07-22 05:20:04] [INFO] Running final audit...
[2026-07-22 05:20:04] [INFO] Final report generated: C:\Users\Playtec-bancada\.local\share\opencode\worktree\699a669f2471f9aad160ee2785dc9a1ba96b1245\mighty-meadow\LoopEngineeringAgent\reports\final_report.md
[2026-07-22 05:20:04] [INFO] FINAL AUDIT PASSED
[2026-07-22 05:20:04] [INFO] 
--- Mission Iteration 16 ---
[2026-07-22 05:20:04] [INFO] 
--- LER Iteration 16 ---
[2026-07-22 05:20:04] [INFO] State: SUCCESS_VERIFIED
[2026-07-22 05:20:04] [INFO] Phase: SUCCESS VERIFIED
[2026-07-22 05:20:04] [INFO] ============================================================
[2026-07-22 05:20:04] [INFO] GOAL ACHIEVED - ALL VALIDATIONS PASSED
[2026-07-22 05:20:04] [INFO] ============================================================
[2026-07-22 05:20:04] [INFO] 
--- Mission Iteration 17 ---
[2026-07-22 05:20:04] [INFO] 
--- LER Iteration 17 ---
[2026-07-22 05:20:04] [INFO] State: COMPLETED
[2026-07-22 05:20:05] [INFO] ============================================================
[2026-07-22 05:20:05] [INFO] MISSION COMPLETED
[2026-07-22 05:20:05] [INFO] v1.2 | Elapsed: 46.8s | Iterations: 17
[2026-07-22 05:20:05] [INFO] Steps: 5/5
[2026-07-22 05:20:05] [INFO] Security: CLEAN
[2026-07-22 05:20:05] [INFO] ============================================================
[2026-07-22 05:20:05] [INFO] [LER] Kernel shutdown complete
