[2026-07-21 22:32:53] [INFO] LoopEngineeringAgent v1.0.0 initialized
[2026-07-21 22:32:53] [INFO] Base directory: C:\Users\Playtec-bancada\.local\share\opencode\worktree\699a669f2471f9aad160ee2785dc9a1ba96b1245\mighty-meadow\LoopEngineeringAgent
[2026-07-21 22:32:53] [INFO] ============================================================
[2026-07-21 22:32:53] [INFO] LOOP ENGINEERING AGENT v1.0 STARTED
[2026-07-21 22:32:53] [INFO] ============================================================
[2026-07-21 22:32:53] [INFO] Goal set: Create a simple hello.txt file with content 'Hello from LEA'...
[2026-07-21 22:32:53] [INFO] 
--- Iteration 1 ---
[2026-07-21 22:32:53] [INFO] Phase: PLANNING
[2026-07-21 22:32:53] [INFO] Creating plan from goal...
[2026-07-21 22:32:53] [INFO] Plan updated
[2026-07-21 22:32:53] [INFO] Plan created with 5 steps
[2026-07-21 22:32:53] [INFO] 
--- Iteration 2 ---
[2026-07-21 22:32:53] [INFO] Phase: EXECUTING
[2026-07-21 22:32:53] [INFO] Executing step 1: analyze_environment - Analyze environment for: creation
[2026-07-21 22:32:53] [INFO] Executing step 1: analyze_environment
[2026-07-21 22:32:56] [INFO] Step 1 completed (3.2s)
[2026-07-21 22:32:56] [INFO] 
--- Iteration 3 ---
[2026-07-21 22:32:56] [INFO] Phase: VALIDATING
[2026-07-21 22:32:56] [INFO] Validating step 1: check_env
[2026-07-21 22:32:59] [INFO] Validation: passed
[2026-07-21 22:32:59] [INFO] Step 1 PASSED validation
[2026-07-21 22:32:59] [INFO] 
--- Iteration 4 ---
[2026-07-21 22:32:59] [INFO] Phase: EXECUTING
[2026-07-21 22:32:59] [INFO] Executing step 2: initialize_project - Initialize project structure for: # Goal

Create a simple hello.txt file with content 'Hello f
[2026-07-21 22:32:59] [INFO] Executing step 2: initialize_project
[2026-07-21 22:32:59] [INFO] Step 2 completed (0.0s)
[2026-07-21 22:32:59] [INFO] 
--- Iteration 5 ---
[2026-07-21 22:32:59] [INFO] Phase: VALIDATING
[2026-07-21 22:32:59] [INFO] Validating step 2: check_structure
[2026-07-21 22:32:59] [INFO] Validation: passed
[2026-07-21 22:32:59] [INFO] Step 2 PASSED validation
[2026-07-21 22:32:59] [INFO] 
--- Iteration 6 ---
[2026-07-21 22:32:59] [INFO] Phase: EXECUTING
[2026-07-21 22:32:59] [INFO] Executing step 3: implement - Implement core functionality: # Goal

Create a simple hello.txt file with content 'Hello f
[2026-07-21 22:32:59] [INFO] Executing step 3: implement
[2026-07-21 22:32:59] [INFO] Step 3 completed (0.0s)
[2026-07-21 22:32:59] [INFO] 
--- Iteration 7 ---
[2026-07-21 22:32:59] [INFO] Phase: VALIDATING
[2026-07-21 22:32:59] [INFO] Validating step 3: check_output
[2026-07-21 22:32:59] [INFO] Validation: passed
[2026-07-21 22:32:59] [INFO] Step 3 PASSED validation
[2026-07-21 22:32:59] [INFO] 
--- Iteration 8 ---
[2026-07-21 22:32:59] [INFO] Phase: EXECUTING
[2026-07-21 22:32:59] [INFO] Executing step 4: run_tests - Run tests to validate implementation
[2026-07-21 22:32:59] [INFO] Executing step 4: run_tests
[2026-07-21 22:33:12] [INFO] Step 4 completed (12.6s)
[2026-07-21 22:33:12] [INFO] 
--- Iteration 9 ---
[2026-07-21 22:33:12] [INFO] Phase: VALIDATING
[2026-07-21 22:33:12] [INFO] Validating step 4: test_pass
[2026-07-21 22:33:12] [INFO] Validation: passed
[2026-07-21 22:33:12] [INFO] Step 4 PASSED validation
[2026-07-21 22:33:12] [INFO] 
--- Iteration 10 ---
[2026-07-21 22:33:12] [INFO] Phase: EXECUTING
[2026-07-21 22:33:12] [INFO] Executing step 5: git_commit - Commit changes to git
[2026-07-21 22:33:12] [INFO] Executing step 5: git_commit
[2026-07-21 22:33:13] [INFO] Step 5 completed (1.3s)
[2026-07-21 22:33:13] [INFO] 
--- Iteration 11 ---
[2026-07-21 22:33:13] [INFO] Phase: VALIDATING
[2026-07-21 22:33:13] [INFO] Validating step 5: check_git
[2026-07-21 22:33:14] [INFO] Validation: passed
[2026-07-21 22:33:14] [INFO] Step 5 PASSED validation
[2026-07-21 22:33:14] [INFO] 
--- Iteration 12 ---
[2026-07-21 22:33:14] [INFO] ============================================================
[2026-07-21 22:33:14] [INFO] AGENT FINALIZED: COMPLETED
[2026-07-21 22:33:14] [INFO] Elapsed: 21.7s | Iterations: 12
[2026-07-21 22:33:14] [INFO] Steps: 5/5 completed
[2026-07-21 22:33:14] [INFO] ============================================================
