[2026-07-22 05:48:01] [INFO] [AGS] Initializing Agent Governance System...
[2026-07-22 05:48:01] [INFO] [AGS] 10 agents registered, 0 conflicts
[2026-07-22 05:48:01] [INFO] [LER] All layers initialized successfully
[2026-07-22 05:48:01] [INFO] [LER] Base directory: C:\Users\Playtec-bancada\.local\share\opencode\worktree\699a669f2471f9aad160ee2785dc9a1ba96b1245\mighty-meadow\LoopEngineeringAgent
[2026-07-22 05:48:01] [INFO] ============================================================
[2026-07-22 05:48:01] [INFO] LER v2.0 - MISSION RUNTIME STARTED
[2026-07-22 05:48:01] [INFO] Mission ID: 20260722_054801
[2026-07-22 05:48:01] [INFO] ============================================================
[2026-07-22 05:48:01] [INFO] Goal set: Demonstrar ciclo completo LER v2.0...
[2026-07-22 05:48:01] [INFO] [AGS] Initializing Agent Governance System...
[2026-07-22 05:48:01] [INFO] [AGS] 10 agents registered, 0 conflicts
[2026-07-22 05:48:01] [INFO] [ARE] Validating current architecture...
[2026-07-22 05:48:01] [INFO] [ARE] Architecture validation PASSED
[2026-07-22 05:48:01] [INFO] 
--- Mission Iteration 1 ---
[2026-07-22 05:48:01] [INFO] 
--- LER Iteration 1 ---
[2026-07-22 05:48:01] [INFO] State: INIT
[2026-07-22 05:48:01] [INFO] Phase: ANALYZING GOAL
[2026-07-22 05:48:01] [INFO] Analyzing goal: # Goal

Demonstrar ciclo completo LER v2.0

---
Set: 2026-07-22T05:48:01.049871
...
[2026-07-22 05:48:01] [INFO] DoD: 7 items, Acceptance: 3 criteria
[2026-07-22 05:48:01] [INFO] 
--- Mission Iteration 2 ---
[2026-07-22 05:48:02] [INFO] 
--- LER Iteration 2 ---
[2026-07-22 05:48:02] [INFO] State: CREATING_STRATEGY
[2026-07-22 05:48:02] [INFO] Phase: CREATING STRATEGY
[2026-07-22 05:48:02] [INFO] Generating execution strategies...
[2026-07-22 05:48:02] [INFO] Assessing risks...
[2026-07-22 05:48:02] [INFO] 
--- Mission Iteration 3 ---
[2026-07-22 05:48:02] [INFO] 
--- LER Iteration 3 ---
[2026-07-22 05:48:02] [INFO] State: PLANNING
[2026-07-22 05:48:02] [INFO] Phase: PLANNING
[2026-07-22 05:48:02] [INFO] Creating plan from goal...
[2026-07-22 05:48:02] [INFO] Plan updated
[2026-07-22 05:48:02] [INFO] Plan created with 5 steps
[2026-07-22 05:48:02] [INFO]   DoD: Todos os requisitos implementados
[2026-07-22 05:48:02] [INFO]   DoD: Codigo compila e executa sem erros
[2026-07-22 05:48:02] [INFO]   DoD: Testes basicos aprovados
[2026-07-22 05:48:02] [INFO]   DoD: Evidencias de funcionamento coletadas
[2026-07-22 05:48:02] [INFO]   DoD: Auditoria final aprovada
[2026-07-22 05:48:02] [INFO]   DoD: Relatorio final gerado
[2026-07-22 05:48:02] [INFO]   DoD: Codigo versionado no Git
[2026-07-22 05:48:02] [INFO] 
--- Mission Iteration 4 ---
[2026-07-22 05:48:02] [INFO] 
--- LER Iteration 4 ---
[2026-07-22 05:48:02] [INFO] State: EXECUTING
[2026-07-22 05:48:02] [INFO] Phase: EXECUTING
[2026-07-22 05:48:02] [INFO] Executing step 1: analyze_environment - Analyze environment for: general
[2026-07-22 05:48:02] [INFO] [ToolSelector] Selected 'opencode' for 'analyze_environment'
[2026-07-22 05:48:02] [INFO] Executing step 1: analyze_environment
[2026-07-22 05:48:07] [INFO] Step 1 completed (5.5s)
[2026-07-22 05:48:07] [INFO] 
--- Mission Iteration 5 ---
[2026-07-22 05:48:08] [INFO] 
--- LER Iteration 5 ---
[2026-07-22 05:48:08] [INFO] State: VALIDATING
[2026-07-22 05:48:08] [INFO] Phase: VALIDATING
[2026-07-22 05:48:08] [INFO] Validating step 1: check_env
[2026-07-22 05:48:11] [INFO] Validation: passed
[2026-07-22 05:48:11] [INFO] Step 1 PASSED validation
[2026-07-22 05:48:11] [INFO] 
--- Mission Iteration 6 ---
[2026-07-22 05:48:11] [INFO] 
--- LER Iteration 6 ---
[2026-07-22 05:48:11] [INFO] State: EXECUTING
[2026-07-22 05:48:11] [INFO] Phase: EXECUTING
[2026-07-22 05:48:11] [INFO] Executing step 2: initialize_project - Initialize project structure for: # Goal

Demonstrar ciclo completo LER v2.0

---
Set: 2026-07
[2026-07-22 05:48:11] [INFO] [ToolSelector] Selected 'opencode' for 'initialize_project'
[2026-07-22 05:48:11] [INFO] Executing step 2: initialize_project
[2026-07-22 05:48:11] [INFO] Step 2 completed (0.0s)
[2026-07-22 05:48:11] [INFO] 
--- Mission Iteration 7 ---
[2026-07-22 05:48:11] [INFO] 
--- LER Iteration 7 ---
[2026-07-22 05:48:11] [INFO] State: VALIDATING
[2026-07-22 05:48:11] [INFO] Phase: VALIDATING
[2026-07-22 05:48:11] [INFO] Validating step 2: check_structure
[2026-07-22 05:48:11] [INFO] Validation: passed
[2026-07-22 05:48:11] [INFO] Step 2 PASSED validation
[2026-07-22 05:48:12] [INFO] 
--- Mission Iteration 8 ---
[2026-07-22 05:48:12] [INFO] 
--- LER Iteration 8 ---
[2026-07-22 05:48:12] [INFO] State: EXECUTING
[2026-07-22 05:48:12] [INFO] Phase: EXECUTING
[2026-07-22 05:48:12] [INFO] Executing step 3: implement - Implement: # Goal

Demonstrar ciclo completo LER v2.0

---
Set: 2026-07
[2026-07-22 05:48:12] [INFO] [ToolSelector] Selected 'opencode' for 'implement'
[2026-07-22 05:48:12] [INFO] Executing step 3: implement
[2026-07-22 05:48:12] [INFO] Step 3 completed (0.0s)
[2026-07-22 05:48:12] [INFO] 
--- Mission Iteration 9 ---
[2026-07-22 05:48:12] [INFO] 
--- LER Iteration 9 ---
[2026-07-22 05:48:12] [INFO] State: VALIDATING
[2026-07-22 05:48:12] [INFO] Phase: VALIDATING
[2026-07-22 05:48:12] [INFO] Validating step 3: check_output
[2026-07-22 05:48:12] [INFO] Validation: passed
[2026-07-22 05:48:12] [INFO] Step 3 PASSED validation
[2026-07-22 05:48:12] [INFO] 
--- Mission Iteration 10 ---
[2026-07-22 05:48:12] [INFO] 
--- LER Iteration 10 ---
[2026-07-22 05:48:12] [INFO] State: EXECUTING
[2026-07-22 05:48:12] [INFO] Phase: EXECUTING
[2026-07-22 05:48:12] [INFO] Executing step 4: run_tests - Run tests to validate implementation
[2026-07-22 05:48:13] [INFO] [ToolSelector] Selected 'opencode' for 'run_tests'
[2026-07-22 05:48:13] [INFO] Executing step 4: run_tests
[2026-07-22 05:48:54] [INFO] Step 4 completed (41.8s)
[2026-07-22 05:48:54] [INFO] 
--- Mission Iteration 11 ---
[2026-07-22 05:48:54] [INFO] 
--- LER Iteration 11 ---
[2026-07-22 05:48:54] [INFO] State: VALIDATING
[2026-07-22 05:48:54] [INFO] Phase: VALIDATING
[2026-07-22 05:48:54] [INFO] Validating step 4: test_pass
[2026-07-22 05:48:54] [INFO] Validation: passed
[2026-07-22 05:48:54] [INFO] Step 4 PASSED validation
[2026-07-22 05:48:55] [INFO] 
--- Mission Iteration 12 ---
[2026-07-22 05:48:55] [INFO] 
--- LER Iteration 12 ---
[2026-07-22 05:48:55] [INFO] State: EXECUTING
[2026-07-22 05:48:55] [INFO] Phase: EXECUTING
[2026-07-22 05:48:55] [INFO] Executing step 5: git_commit - Commit changes to git
[2026-07-22 05:48:55] [INFO] [ToolSelector] Selected 'opencode' for 'git_commit'
[2026-07-22 05:48:55] [INFO] Executing step 5: git_commit
[2026-07-22 05:48:57] [INFO] Step 5 completed (2.1s)
[2026-07-22 05:48:57] [INFO] 
--- Mission Iteration 13 ---
[2026-07-22 05:48:57] [INFO] 
--- LER Iteration 13 ---
[2026-07-22 05:48:57] [INFO] State: VALIDATING
[2026-07-22 05:48:57] [INFO] Phase: VALIDATING
[2026-07-22 05:48:57] [INFO] Validating step 5: check_git
[2026-07-22 05:48:59] [INFO] Validation: passed
[2026-07-22 05:48:59] [INFO] Step 5 PASSED validation
[2026-07-22 05:48:59] [INFO] All 5 steps completed. Checking DoD (7 items) and AC (3 criteria)
[2026-07-22 05:48:59] [INFO] 
--- Mission Iteration 14 ---
[2026-07-22 05:48:59] [INFO] 
--- LER Iteration 14 ---
[2026-07-22 05:48:59] [INFO] State: SUCCESS_EVALUATING
[2026-07-22 05:48:59] [INFO] Phase: SUCCESS EVALUATION
[2026-07-22 05:48:59] [INFO] Evaluating overall success...
[2026-07-22 05:48:59] [INFO] Success score: 95.0% (threshold: 95%)
[2026-07-22 05:48:59] [INFO] Breakdown: {'requirements_met': 100, 'code_functional': 100, 'tests_passed': 100, 'execution_quality': 100, 'evidence_quality': 100, 'audit_quality': 0}
[2026-07-22 05:48:59] [INFO] 
--- Mission Iteration 15 ---
[2026-07-22 05:48:59] [INFO] 
--- LER Iteration 15 ---
[2026-07-22 05:48:59] [INFO] State: FINAL_AUDITING
[2026-07-22 05:48:59] [INFO] Phase: FINAL AUDIT
[2026-07-22 05:48:59] [INFO] Running final audit...
[2026-07-22 05:48:59] [INFO] DoD: 0/7 satisfied, AC: 3 defined
[2026-07-22 05:48:59] [INFO] Final report generated: C:\Users\Playtec-bancada\.local\share\opencode\worktree\699a669f2471f9aad160ee2785dc9a1ba96b1245\mighty-meadow\LoopEngineeringAgent\reports\final_report.md
[2026-07-22 05:48:59] [INFO] FINAL AUDIT PASSED
[2026-07-22 05:48:59] [INFO] 
--- Mission Iteration 16 ---
[2026-07-22 05:48:59] [INFO] 
--- LER Iteration 16 ---
[2026-07-22 05:48:59] [INFO] State: SUCCESS_VERIFIED
[2026-07-22 05:48:59] [INFO] Phase: SUCCESS VERIFIED
[2026-07-22 05:48:59] [INFO] ============================================================
[2026-07-22 05:48:59] [INFO] GOAL ACHIEVED - ALL VALIDATIONS PASSED
[2026-07-22 05:48:59] [INFO] ============================================================
[2026-07-22 05:48:59] [INFO] Criterio absoluto: DoD (7 items), AC (3 criteria)
[2026-07-22 05:48:59] [INFO] 
--- Mission Iteration 17 ---
[2026-07-22 05:48:59] [INFO] 
--- LER Iteration 17 ---
[2026-07-22 05:48:59] [INFO] State: COMPLETED
[2026-07-22 05:49:00] [INFO] ============================================================
[2026-07-22 05:49:00] [INFO] MISSION COMPLETED
[2026-07-22 05:49:00] [INFO] v2.0 | Elapsed: 58.9s | Iterations: 17
[2026-07-22 05:49:00] [INFO] Steps: 5/5
[2026-07-22 05:49:00] [INFO] Security: CLEAN
[2026-07-22 05:49:00] [INFO] ============================================================
[2026-07-22 05:49:00] [INFO] [LER] Kernel shutdown complete
